
> opendots@0.1.0 build
> vite build && tsc -p tsconfig.server.json

vite v8.3.1 building client environment for production...
transforming...
✓ 10974 modules transformed.
rendering chunks...
computing gzip size...
dist/client/index.html                                           0.88 kB │ gzip:   0.44 kB
dist/client/assets/KaTeX_Size3-Regular-CTq5MqoE.woff             4.42 kB
dist/client/assets/KaTeX_Size4-Regular-Dl5lxZxV.woff2            4.92 kB
dist/client/assets/KaTeX_Size2-Regular-Dy4dx90m.woff2            5.20 kB
dist/client/assets/KaTeX_Size1-Regular-mCD8mA8B.woff2            5.46 kB
dist/client/assets/KaTeX_Size4-Regular-BF-4gkZK.woff             5.98 kB
dist/client/assets/KaTeX_Size2-Regular-oD1tc_U0.woff             6.18 kB
dist/client/assets/KaTeX_Size1-Regular-C195tn64.woff             6.49 kB
dist/client/assets/KaTeX_Caligraphic-Regular-Di6jR-x-.woff2      6.90 kB
dist/client/assets/KaTeX_Caligraphic-Bold-Dq_IR9rO.woff2         6.91 kB
dist/client/assets/KaTeX_Size3-Regular-DgpXs0kz.ttf              7.58 kB
dist/client/assets/KaTeX_Caligraphic-Regular-CTRA-rTL.woff       7.65 kB
dist/client/assets/KaTeX_Caligraphic-Bold-BEiXGLvX.woff          7.71 kB
dist/client/assets/KaTeX_Script-Regular-D3wIWfF6.woff2           9.64 kB
dist/client/assets/KaTeX_SansSerif-Regular-DDBCnlJ7.woff2       10.34 kB
dist/client/assets/KaTeX_Size4-Regular-DWFBv043.ttf             10.36 kB
dist/client/assets/KaTeX_Script-Regular-D5yQViql.woff           10.58 kB
dist/client/assets/KaTeX_Fraktur-Regular-CTYiF6lA.woff2         11.31 kB
dist/client/assets/KaTeX_Fraktur-Bold-CL6g_b3V.woff2            11.34 kB
dist/client/assets/KaTeX_Size2-Regular-B7gKUWhC.ttf             11.50 kB
dist/client/assets/KaTeX_SansSerif-Italic-C3H0VqGB.woff2        12.02 kB
dist/client/assets/KaTeX_SansSerif-Bold-D1sUS0GD.woff2          12.21 kB
dist/client/assets/KaTeX_Size1-Regular-Dbsnue_I.ttf             12.22 kB
dist/client/assets/KaTeX_SansSerif-Regular-CS6fqUqJ.woff        12.31 kB
dist/client/assets/KaTeX_Caligraphic-Regular-wX97UBjC.ttf       12.34 kB
dist/client/assets/KaTeX_Caligraphic-Bold-ATXxdsX0.ttf          12.36 kB
dist/client/assets/KaTeX_Fraktur-Regular-Dxdc4cR9.woff          13.20 kB
dist/client/assets/KaTeX_Fraktur-Bold-BsDP51OF.woff             13.29 kB
dist/client/assets/KaTeX_Typewriter-Regular-CO6r4hn1.woff2      13.56 kB
dist/client/assets/KaTeX_SansSerif-Italic-DN2j7dab.woff         14.11 kB
dist/client/assets/KaTeX_SansSerif-Bold-DbIhKOiC.woff           14.40 kB
dist/client/assets/KaTeX_Typewriter-Regular-C0xS9mPB.woff       16.02 kB
dist/client/assets/KaTeX_Math-BoldItalic-CZnvNsCZ.woff2         16.40 kB
dist/client/assets/KaTeX_Math-Italic-t53AETM-.woff2             16.44 kB
dist/client/assets/KaTeX_Script-Regular-C5JkGWo-.ttf            16.64 kB
dist/client/assets/KaTeX_Main-BoldItalic-DxDJ3AOS.woff2         16.78 kB
dist/client/assets/KaTeX_Main-Italic-NWA7e6Wa.woff2             16.98 kB
dist/client/assets/KaTeX_Math-BoldItalic-iY-2wyZ7.woff          18.66 kB
dist/client/assets/KaTeX_Math-Italic-DA0__PXp.woff              18.74 kB
dist/client/assets/KaTeX_Main-BoldItalic-SpSLRI95.woff          19.41 kB
dist/client/assets/KaTeX_SansSerif-Regular-BNo7hRIc.ttf         19.43 kB
dist/client/assets/KaTeX_Fraktur-Regular-CB_wures.ttf           19.57 kB
dist/client/assets/KaTeX_Fraktur-Bold-BdnERNNW.ttf              19.58 kB
dist/client/assets/KaTeX_Main-Italic-BMLOBm91.woff              19.67 kB
dist/client/assets/KaTeX_SansSerif-Italic-YYjJ1zSn.ttf          22.36 kB
dist/client/assets/KaTeX_SansSerif-Bold-CFMepnvq.ttf            24.50 kB
dist/client/assets/KaTeX_Main-Bold-Cx986IdX.woff2               25.32 kB
dist/client/assets/KaTeX_Main-Regular-B22Nviop.woff2            26.27 kB
dist/client/assets/KaTeX_Typewriter-Regular-D3Ib7_Hf.ttf        27.55 kB
dist/client/assets/KaTeX_AMS-Regular-BQhdFMY1.woff2             28.07 kB
dist/client/assets/KaTeX_Main-Bold-Jm3AIy58.woff                29.91 kB
dist/client/assets/KaTeX_Main-Regular-Dr94JaBh.woff             30.77 kB
dist/client/assets/KaTeX_Math-BoldItalic-B3XSjfu4.ttf           31.19 kB
dist/client/assets/KaTeX_Math-Italic-flOr_0UB.ttf               31.30 kB
dist/client/assets/KaTeX_Main-BoldItalic-DzxPMmG6.ttf           32.96 kB
dist/client/assets/KaTeX_AMS-Regular-DMm9YOAa.woff              33.51 kB
dist/client/assets/KaTeX_Main-Italic-3WenGoN9.ttf               33.58 kB
dist/client/assets/KaTeX_Main-Bold-waoOVXN0.ttf                 51.33 kB
dist/client/assets/KaTeX_Main-Regular-ypZvNtVU.ttf              53.58 kB
dist/client/assets/KaTeX_AMS-Regular-DRggAlZN.ttf               63.63 kB
dist/client/assets/katex-DEcVZfaU.css                           28.83 kB │ gzip:   7.92 kB
dist/client/assets/index-d5qleCoI.css                           72.21 kB │ gzip:  15.91 kB
dist/client/assets/mermaid-VLURNSYL-wGUR_Dc2.js                  0.06 kB │ gzip:   0.07 kB
dist/client/assets/array-BifhSqXX.js                             0.10 kB │ gzip:   0.11 kB
dist/client/assets/channel-BLMJUCtH.js                           0.11 kB │ gzip:   0.12 kB
dist/client/assets/pie-WAS4IAKB-D82ZuopD.js                      0.12 kB │ gzip:   0.13 kB
dist/client/assets/info-A6RAGUB7-OdL5Nsrv.js                     0.12 kB │ gzip:   0.13 kB
dist/client/assets/radar-RG4KPBEZ-CIHe44LG.js                    0.12 kB │ gzip:   0.13 kB
dist/client/assets/packet-AYTQ26CC-OBG0v2BB.js                   0.12 kB │ gzip:   0.13 kB
dist/client/assets/cynefin-OW5HDTMX-BcDN6P7L.js                  0.12 kB │ gzip:   0.13 kB
dist/client/assets/treemap-WGGIJYW6-BJdgvUG9.js                  0.12 kB │ gzip:   0.13 kB
dist/client/assets/wardley-WFR3VGLG-CYwi4bW8.js                  0.12 kB │ gzip:   0.13 kB
dist/client/assets/gitGraph-4MIJSDKK-bzVrhbuj.js                 0.12 kB │ gzip:   0.13 kB
dist/client/assets/railroad-74A4TZTK-DQuwVd_n.js                 0.12 kB │ gzip:   0.13 kB
dist/client/assets/treeView-Q6P3EWNA-DpR0HyWJ.js                 0.12 kB │ gzip:   0.13 kB
dist/client/assets/railroad-peg-WCYAUIDC-BwvOS6zt.js             0.13 kB │ gzip:   0.13 kB
dist/client/assets/architecture-7GRP2DOG-Blt99kBn.js             0.13 kB │ gzip:   0.13 kB
dist/client/assets/railroad-abnf-HS5TGJTU-BLBjvwvY.js            0.13 kB │ gzip:   0.13 kB
dist/client/assets/railroad-ebnf-LZEXJU2U-xa6XT6yg.js            0.13 kB │ gzip:   0.13 kB
dist/client/assets/eventmodeling-NTZA5JFV-I6PrUH7C.js            0.13 kB │ gzip:   0.13 kB
dist/client/assets/init-C-OQMol4.js                              0.14 kB │ gzip:   0.12 kB
dist/client/assets/chunk-Y2CYZVJY-DsF7k-Jl.js                    0.15 kB │ gzip:   0.14 kB
dist/client/assets/chunk-2Q5K7J3B-C1jixKkw.js                    0.19 kB │ gzip:   0.16 kB
dist/client/assets/chunk-JWPE2WC7-DVXcaiue.js                    0.22 kB │ gzip:   0.17 kB
dist/client/assets/chunk-XXDRQBXY-BvKO0v-W.js                    0.26 kB │ gzip:   0.22 kB
dist/client/assets/chunk-5VM5RSS4-ZNzvKenW.js                    0.36 kB │ gzip:   0.27 kB
dist/client/assets/codeowners-C8r90Shi.js                        0.54 kB │ gzip:   0.31 kB
dist/client/assets/chunk-POPQ4Y6H-PX5BRVgw.js                    0.57 kB │ gzip:   0.40 kB
dist/client/assets/flowDiagram-HODETNUW-1-TnYhMy.js              0.57 kB │ gzip:   0.31 kB
dist/client/assets/infoDiagram-27XIBGKW-Du8FTvM2.js              0.65 kB │ gzip:   0.42 kB
dist/client/assets/shellsession-B-KBpmJs.js                      0.71 kB │ gzip:   0.43 kB
dist/client/assets/tsv-sltzmVWM.js                               0.73 kB │ gzip:   0.33 kB
dist/client/assets/classDiagram-ZZMXUADV-BpbQ6cce.js             0.77 kB │ gzip:   0.45 kB
dist/client/assets/classDiagram-v2-VYDZK3BY-BpbQ6cce.js          0.77 kB │ gzip:   0.45 kB
dist/client/assets/stateDiagram-v2-MP3YSRHH-D0lQaBwG.js          0.78 kB │ gzip:   0.45 kB
dist/client/assets/swimlanesDiagram-VR7AAH4N-wyGnelr9.js         0.83 kB │ gzip:   0.48 kB
dist/client/assets/html-derivative-B3p5VrMH.js                   0.84 kB │ gzip:   0.45 kB
dist/client/assets/sizeCapture-INFHLROL-3uHXrFqA.js              0.87 kB │ gzip:   0.51 kB
dist/client/assets/line-aB4-0IEq.js                              0.94 kB │ gzip:   0.47 kB
dist/client/assets/git-rebase-C-RR1FSc.js                        0.98 kB │ gzip:   0.44 kB
dist/client/assets/qmldir-DCQb3MpD.js                            0.99 kB │ gzip:   0.44 kB
dist/client/assets/v4-DIgz8zy6.js                                1.01 kB │ gzip:   0.55 kB
dist/client/assets/rolldown-runtime-Dd_uD5pT.js                  1.10 kB │ gzip:   0.62 kB
dist/client/assets/csv-Dx-8-gkx.js                               1.13 kB │ gzip:   0.36 kB
dist/client/assets/ordinal-BDEzSJ7C.js                           1.17 kB │ gzip:   0.56 kB
dist/client/assets/git-commit-BSykSTBG.js                        1.22 kB │ gzip:   0.52 kB
dist/client/assets/xsl-CCLNyvR3.js                               1.36 kB │ gzip:   0.50 kB
dist/client/assets/dotenv-_5a1GRtc.js                            1.41 kB │ gzip:   0.52 kB
dist/client/assets/chunk-GVQU2GXP-Cpszwfcb.js                    1.41 kB │ gzip:   0.79 kB
dist/client/assets/sparql-D_iOobhT.js                            1.47 kB │ gzip:   0.81 kB
dist/client/assets/ini-B5eOa1yu.js                               1.51 kB │ gzip:   0.49 kB
dist/client/assets/railroadDiagram-O6MQD6OU-DgwShMjD.js          1.65 kB │ gzip:   0.77 kB
dist/client/assets/fortran-fixed-form-DEKoE2YW.js                1.66 kB │ gzip:   0.68 kB
dist/client/assets/docker-IyjqRm3v.js                            1.73 kB │ gzip:   0.59 kB
dist/client/assets/hxml-B0Qn7Nwc.js                              1.74 kB │ gzip:   0.87 kB
dist/client/assets/desktop-Dlh5hvp9.js                           1.82 kB │ gzip:   0.75 kB
dist/client/assets/abnfDiagram-VCTEODGH-DxHi_s2t.js              1.84 kB │ gzip:   0.89 kB
dist/client/assets/chunk-P2QGCYS3-C7Uqz4Fh.js                    1.94 kB │ gzip:   0.95 kB
dist/client/assets/chunk-F27PBJKO-CzUaTy6N.js                    1.97 kB │ gzip:   0.88 kB
dist/client/assets/pegDiagram-XKGWAZYB-BfQdUb_0.js               2.01 kB │ gzip:   0.94 kB
dist/client/assets/ebnfDiagram-PWID7BFC-NbGczasj.js              2.05 kB │ gzip:   0.89 kB
dist/client/assets/erb-DMof5dQp.js                               2.13 kB │ gzip:   0.62 kB
dist/client/assets/wenyan-C8pVoKbM.js                            2.15 kB │ gzip:   1.08 kB
dist/client/assets/dist-B_J_HbC0.js                              2.17 kB │ gzip:   0.97 kB
dist/client/assets/jssm-DXw9l8Rf.js                              2.23 kB │ gzip:   0.61 kB
dist/client/assets/path-fybaL0A-.js                              2.27 kB │ gzip:   0.98 kB
dist/client/assets/edge-CA3vJMQc.js                              2.30 kB │ gzip:   0.67 kB
dist/client/assets/reg-CRGYupPL.js                               2.33 kB │ gzip:   0.69 kB
dist/client/assets/diff-woXpYk--.js                              2.56 kB │ gzip:   0.68 kB
dist/client/assets/gleam-CSRkHgEL.js                             2.57 kB │ gzip:   0.81 kB
dist/client/assets/hy-CZbG8q4J.js                                2.64 kB │ gzip:   1.17 kB
dist/client/assets/openscad-BUDT5pXO.js                          2.81 kB │ gzip:   1.00 kB
dist/client/assets/log-BNLmms1o.js                               2.84 kB │ gzip:   0.89 kB
dist/client/assets/json-DePJdKYk.js                              2.89 kB │ gzip:   0.82 kB
dist/client/assets/cairo-DLTphjLi.js                             2.93 kB │ gzip:   0.80 kB
dist/client/assets/berry-DKpUyyne.js                             2.99 kB │ gzip:   0.80 kB
dist/client/assets/jsonl-CmCQp5Yx.js                             3.00 kB │ gzip:   0.78 kB
dist/client/assets/jsonc-CYpm1nAK.js                             3.10 kB │ gzip:   0.78 kB
dist/client/assets/logo-Cluzi2Zq.js                              3.12 kB │ gzip:   1.46 kB
dist/client/assets/po-BiJDBrnU.js                                3.23 kB │ gzip:   0.90 kB
dist/client/assets/json5-BR5RXkoi.js                             3.24 kB │ gzip:   0.82 kB
dist/client/assets/mipsasm-BMqwQI7S.js                           3.25 kB │ gzip:   1.17 kB
dist/client/assets/tasl-DMoTqEGO.js                              3.28 kB │ gzip:   0.84 kB
dist/client/assets/genie-CV2tkWYe.js                             3.34 kB │ gzip:   1.20 kB
dist/client/assets/rel-BtDbiS_P.js                               3.36 kB │ gzip:   1.10 kB
dist/client/assets/vala-zf12oZj6.js                              3.36 kB │ gzip:   1.18 kB
dist/client/assets/splunk-BC2Px7Mm.js                            3.42 kB │ gzip:   1.51 kB
dist/client/assets/arc-DgcGdgmL.js                               3.47 kB │ gzip:   1.46 kB
dist/client/assets/hurl-BqZA9I9Q.js                              3.51 kB │ gzip:   1.10 kB
dist/client/assets/fluent-C03EYrpw.js                            3.60 kB │ gzip:   0.89 kB
dist/client/assets/ssh-config-BgfXC-Er.js                        3.61 kB │ gzip:   1.59 kB
dist/client/assets/jsonnet-CJTPZ8u_.js                           3.61 kB │ gzip:   1.03 kB
dist/client/assets/kdl-CsD5j6eV.js                               3.62 kB │ gzip:   1.03 kB
dist/client/assets/narrat-_X_XdTYD.js                            3.66 kB │ gzip:   1.09 kB
dist/client/assets/turtle-ByJddavk.js                            3.69 kB │ gzip:   0.96 kB
dist/client/assets/glsl-CyFpZtQv.js                              3.69 kB │ gzip:   1.46 kB
dist/client/assets/zenscript-BnlCZFoB.js                         3.90 kB │ gzip:   1.28 kB
dist/client/assets/ron-VUp2lXgN.js                               3.90 kB │ gzip:   0.97 kB
dist/client/assets/gn-ilITqXS6.js                                3.99 kB │ gzip:   1.47 kB
dist/client/assets/pascal-4ZHwLPI5.js                            4.14 kB │ gzip:   1.67 kB
dist/client/assets/diagram-Z3DM3KII-CuQHo4Jt.js                  4.28 kB │ gzip:   1.85 kB
dist/client/assets/http-c4_vT9ST.js                              4.41 kB │ gzip:   1.06 kB
dist/client/assets/tcl-CZd0xW_V.js                               4.42 kB │ gzip:   1.50 kB
dist/client/assets/nextflow-Bbiyy34d.js                          4.50 kB │ gzip:   1.16 kB
dist/client/assets/rosmsg-CAekHB0j.js                            4.51 kB │ gzip:   1.05 kB
dist/client/assets/defaultLocale-BFoDCU3G.js                     4.63 kB │ gzip:   2.12 kB
dist/client/assets/polar-C7UOKdEL.js                             4.66 kB │ gzip:   1.12 kB
dist/client/assets/sdbl-bTVj8UrX.js                              4.69 kB │ gzip:   2.00 kB
dist/client/assets/fennel-DQxkIbk2.js                            4.76 kB │ gzip:   1.53 kB
dist/client/assets/bibtex-Ci_nEsc7.js                            4.78 kB │ gzip:   0.83 kB
dist/client/assets/llvm-Cm23YOpf.js                              5.04 kB │ gzip:   2.01 kB
dist/client/assets/wgsl-BsKzXJz4.js                              5.13 kB │ gzip:   1.38 kB
dist/client/assets/gdresource-C0sCabJj.js                        5.28 kB │ gzip:   1.33 kB
dist/client/assets/zig-CMLA9XwU.js                               5.33 kB │ gzip:   1.55 kB
dist/client/assets/qml-g4UDed-8.js                               5.33 kB │ gzip:   1.38 kB
dist/client/assets/dax-BkyTk9wS.js                               5.35 kB │ gzip:   2.21 kB
dist/client/assets/bicep-CUHmPFLl.js                             5.37 kB │ gzip:   1.14 kB
dist/client/assets/xml-C01ajBW7.js                               5.44 kB │ gzip:   1.24 kB
dist/client/assets/awk-BWXHIvNe.js                               5.45 kB │ gzip:   1.37 kB
dist/client/assets/linear-BUnzfXgk.js                            5.51 kB │ gzip:   2.25 kB
dist/client/assets/coq-BrsZFFmf.js                               5.54 kB │ gzip:   1.91 kB
dist/client/assets/jinja-BeFOxtqS.js                             5.62 kB │ gzip:   1.36 kB
dist/client/assets/lean-CewbzKMR.js                              5.77 kB │ gzip:   1.91 kB
dist/client/assets/chunk-PWAF6VOD-6mKiqCD1.js                    5.83 kB │ gzip:   2.68 kB
dist/client/assets/moonbit-CaWjb8XO.js                           5.89 kB │ gzip:   1.67 kB
dist/client/assets/powerquery-DNMTfnFr.js                        5.89 kB │ gzip:   1.51 kB
dist/client/assets/shaderlab-TOUzSsQk.js                         5.91 kB │ gzip:   2.08 kB
dist/client/assets/verilog-CiiDBU1e.js                           5.92 kB │ gzip:   1.89 kB
dist/client/assets/cypher-ClKdZ_lG.js                            5.94 kB │ gzip:   1.71 kB
dist/client/assets/diagram-UQ7AKVKN-CVeViDvs.js                  6.07 kB │ gzip:   2.57 kB
dist/client/assets/vb-Djn5o6TS.js                                6.08 kB │ gzip:   2.33 kB
dist/client/assets/pieDiagram-E7YTZNPT-DIS5btnJ.js               6.22 kB │ gzip:   2.59 kB
dist/client/assets/red-CJ3rzSJv.js                               6.25 kB │ gzip:   1.59 kB
dist/client/assets/min-dark-BSWPekZh.js                          6.28 kB │ gzip:   1.70 kB
dist/client/assets/gdshader-CBce3t8t.js                          6.31 kB │ gzip:   1.72 kB
dist/client/assets/prisma-BsRQq5mF.js                            6.32 kB │ gzip:   1.38 kB
dist/client/assets/ara-4CJ0cIlV.js                               6.35 kB │ gzip:   1.80 kB
dist/client/assets/clojure-DqKBuwfJ.js                           6.40 kB │ gzip:   1.41 kB
dist/client/assets/postcss-BXeXVLqQ.js                           6.41 kB │ gzip:   1.90 kB
dist/client/assets/toml-CcmNWLt0.js                              6.41 kB │ gzip:   1.28 kB
dist/client/assets/solarized-light-DSh2HLQt.js                   6.47 kB │ gzip:   1.71 kB
dist/client/assets/proto-DB4EqR-F.js                             6.54 kB │ gzip:   1.41 kB
dist/client/assets/smalltalk-B16xEiuN.js                         6.58 kB │ gzip:   1.61 kB
dist/client/assets/r-6KKCcqAj.js                                 6.60 kB │ gzip:   1.83 kB
dist/client/assets/talonscript-CohzipZa.js                       6.75 kB │ gzip:   1.48 kB
dist/client/assets/solarized-dark-DV17i1UV.js                    6.84 kB │ gzip:   1.78 kB
dist/client/assets/riscv-Ckw8ddFX.js                             6.90 kB │ gzip:   1.97 kB
dist/client/assets/soy-Bo6kOkke.js                               6.92 kB │ gzip:   1.62 kB
dist/client/assets/min-light-DDpmG2fV.js                         6.96 kB │ gzip:   1.88 kB
dist/client/assets/scheme-DQCgrYNe.js                            7.16 kB │ gzip:   2.04 kB
dist/client/assets/hlsl-Cvrh5tZx.js                              7.25 kB │ gzip:   2.18 kB
dist/client/assets/qss-Fe1Jh2GI.js                               7.46 kB │ gzip:   2.57 kB
dist/client/assets/dart-DkHntEIa.js                              7.80 kB │ gzip:   1.91 kB
dist/client/assets/systemd-BxMlprV5.js                           7.86 kB │ gzip:   2.54 kB
dist/client/assets/monokai-CdkpiU2Y.js                           7.88 kB │ gzip:   1.90 kB
dist/client/assets/regexp-I2jnduhj.js                            8.05 kB │ gzip:   1.47 kB
dist/client/assets/diagram-S7CK7UJ4-DY0VNK81.js                  8.19 kB │ gzip:   3.65 kB
dist/client/assets/jsx-runtime-DKj5X9O4.js                       8.24 kB │ gzip:   3.11 kB
dist/client/assets/haml-4q8AaN7U.js                              8.33 kB │ gzip:   1.85 kB
dist/client/assets/typst-DI99ib-x.js                             8.38 kB │ gzip:   1.66 kB
dist/client/assets/vue-html-BXjKVtKk.js                          8.47 kB │ gzip:   1.68 kB
dist/client/assets/plsql-DGHpHOYJ.js                             8.50 kB │ gzip:   2.99 kB
dist/client/assets/horizon-CE9ld1lL.js                           8.77 kB │ gzip:   1.94 kB
dist/client/assets/kotlin-DhhofPvG.js                            8.77 kB │ gzip:   2.12 kB
dist/client/assets/horizon-bright-Br1oVSNq.js                    8.78 kB │ gzip:   1.96 kB
dist/client/assets/ts-tags-DFxfPaBI.js                           8.92 kB │ gzip:   1.20 kB
dist/client/assets/make-Dixweg8N.js                              8.95 kB │ gzip:   1.76 kB
dist/client/assets/andromeeda-vGVdxbeo.js                        9.01 kB │ gzip:   2.35 kB
dist/client/assets/sas-QXkbaQLP.js                               9.06 kB │ gzip:   3.82 kB
dist/client/assets/dark-plus-Cs2F2srj.js                         9.09 kB │ gzip:   2.10 kB
dist/client/assets/slack-dark-DnToyrRv.js                        9.11 kB │ gzip:   1.96 kB
dist/client/assets/sass-DXrisJhu.js                              9.28 kB │ gzip:   2.48 kB
dist/client/assets/plastic-DQwYfKfQ.js                           9.29 kB │ gzip:   1.96 kB
dist/client/assets/slack-ochin-B2OO5cIa.js                       9.42 kB │ gzip:   2.08 kB
dist/client/assets/tex-Dp-_o7gQ.js                               9.67 kB │ gzip:   3.06 kB
dist/client/assets/chunk-L3NEJ4N5-Bl4ls9gD.js                    9.68 kB │ gzip:   2.93 kB
dist/client/assets/jison-Ru_S5AEn.js                             9.69 kB │ gzip:   1.86 kB
dist/client/assets/cmake-Bj61d0ZC.js                             9.84 kB │ gzip:   3.37 kB
dist/client/assets/light-plus-DVQuIRkW.js                        9.93 kB │ gzip:   2.27 kB
dist/client/assets/cynefinDiagram-5FMLGOSQ-DcSX8Fyv.js           9.94 kB │ gzip:   3.51 kB
dist/client/assets/hcl-Dh228itO.js                              10.04 kB │ gzip:   1.93 kB
dist/client/assets/rst-Dw3vrK1D.js                              10.31 kB │ gzip:   2.24 kB
dist/client/assets/pkl-ot-7Btpt.js                              10.36 kB │ gzip:   1.37 kB
dist/client/assets/beancount-D-usSTwE.js                        10.36 kB │ gzip:   1.43 kB
dist/client/assets/nextflow-groovy-Dc_ddanL.js                  10.39 kB │ gzip:   2.12 kB
dist/client/assets/dream-maker-DW3nJb8Q.js                      10.46 kB │ gzip:   2.25 kB
dist/client/assets/raku-B3gFvitq.js                             10.46 kB │ gzip:   2.94 kB
dist/client/assets/yaml-BWCS3NLV.js                             10.57 kB │ gzip:   2.32 kB
dist/client/assets/stateDiagram-D77RDMKH-BTEUml69.js            10.64 kB │ gzip:   3.74 kB
dist/client/assets/diagram-VSXAHHWV-6wNfuZ5u.js                 10.65 kB │ gzip:   4.12 kB
dist/client/assets/just-BNn7QYQh.js                             10.76 kB │ gzip:   2.60 kB
dist/client/assets/elm-Bmx6Fs0i.js                              10.94 kB │ gzip:   2.09 kB
dist/client/assets/dagre-GXQ25YYZ-t0FboJZK.js                   10.97 kB │ gzip:   4.15 kB
dist/client/assets/github-light-EUqPIrTm.js                     11.18 kB │ gzip:   2.49 kB
dist/client/assets/prolog-iXnhIJG7.js                           11.34 kB │ gzip:   3.84 kB
dist/client/assets/terraform-DswuEJGm.js                        11.38 kB │ gzip:   2.51 kB
dist/client/assets/github-dark-C-LZuMrd.js                      11.40 kB │ gzip:   2.53 kB
dist/client/assets/puppet-CDv2pdJW.js                           11.43 kB │ gzip:   2.10 kB
dist/client/assets/laserwave-C_8bwKvT.js                        11.49 kB │ gzip:   2.57 kB
dist/client/assets/websandbox-WXzDrjbo.js                       11.77 kB │ gzip:   3.43 kB
dist/client/assets/gherkin-DExj1W_8.js                          11.93 kB │ gzip:   5.04 kB
dist/client/assets/wasm-ByWQv1Qj.js                             12.00 kB │ gzip:   2.17 kB
dist/client/assets/hjson-CxZEssPk.js                            12.04 kB │ gzip:   1.64 kB
dist/client/assets/handlebars-CLjHtSqf.js                       12.16 kB │ gzip:   2.38 kB
dist/client/assets/apache-U0d_L8uA.js                           12.44 kB │ gzip:   3.71 kB
dist/client/assets/vesper-D5bVUKB1.js                           12.68 kB │ gzip:   1.98 kB
dist/client/assets/bat-Bo4NYOV-.js                              12.88 kB │ gzip:   3.22 kB
dist/client/assets/fish-BJitypiv.js                             13.03 kB │ gzip:   1.73 kB
dist/client/assets/v-DETTlOr0.js                                13.20 kB │ gzip:   2.73 kB
dist/client/assets/vitesse-light-VbXTXTou.js                    13.61 kB │ gzip:   3.03 kB
dist/client/assets/aurora-x-CDeNXAV0.js                         13.65 kB │ gzip:   2.28 kB
dist/client/assets/vitesse-black-fwtXNY1n.js                    13.67 kB │ gzip:   3.05 kB
dist/client/assets/vitesse-dark-BZCL-v6S.js                     13.75 kB │ gzip:   3.06 kB
dist/client/assets/pug-BPcX_o8k.js                              13.84 kB │ gzip:   2.58 kB
dist/client/assets/luau-CNKltnaQ.js                             13.95 kB │ gzip:   3.16 kB
dist/client/assets/synthwave-84-nFMaYfgc.js                     14.03 kB │ gzip:   2.85 kB
dist/client/assets/github-light-default-BXViO-2h.js             14.15 kB │ gzip:   3.02 kB
dist/client/assets/clarity-SemFz856.js                          14.26 kB │ gzip:   2.46 kB
dist/client/assets/github-light-high-contrast-B68TUdTA.js       14.27 kB │ gzip:   3.00 kB
dist/client/assets/github-dark-dimmed-Bx1FflLF.js               14.43 kB │ gzip:   3.11 kB
dist/client/assets/github-dark-default-DXG-b-1a.js              14.43 kB │ gzip:   3.12 kB
dist/client/assets/github-dark-high-contrast-B_tTalzw.js        14.59 kB │ gzip:   3.07 kB
dist/client/assets/gnuplot-7GGW24-e.js                          14.77 kB │ gzip:   3.27 kB
dist/client/assets/rust-Cfkwpbl8.js                             15.06 kB │ gzip:   2.71 kB
dist/client/assets/kusto-BUv0MjJC.js                            15.16 kB │ gzip:   3.93 kB
dist/client/assets/actionscript-3--17pq3dv.js                   15.19 kB │ gzip:   2.67 kB
dist/client/assets/nix-IvuFDN5E.js                              15.50 kB │ gzip:   2.47 kB
dist/client/assets/lua-Z49wBRLR.js                              15.60 kB │ gzip:   3.19 kB
dist/client/assets/chunk-SVP7TREG-CNt54XuY.js                   15.64 kB │ gzip:   4.35 kB
dist/client/assets/diagram-VX7I27RA-DFcpKTTt.js                 15.75 kB │ gzip:   5.52 kB
dist/client/assets/abap-CLvhMVsD.js                             15.84 kB │ gzip:   5.93 kB
dist/client/assets/solidity-CKzVLygQ.js                         16.06 kB │ gzip:   3.09 kB
dist/client/assets/matlab-D7qyCx1q.js                           16.07 kB │ gzip:   3.06 kB
dist/client/assets/cue-CE9AQfxI.js                              16.19 kB │ gzip:   2.04 kB
dist/client/assets/elixir-BEGKZ2an.js                           16.26 kB │ gzip:   2.76 kB
dist/client/assets/odin-B1RWQWA5.js                             16.50 kB │ gzip:   2.92 kB
dist/client/assets/mermaid-parser.core-C_Bm0VkL.js              16.58 kB │ gzip:   3.92 kB
dist/client/assets/bird2-C2hNVINV.js                            16.96 kB │ gzip:   3.84 kB
dist/client/assets/kanagawa-wave-CTweb8Dz.js                    17.12 kB │ gzip:   2.90 kB
dist/client/assets/kanagawa-lotus-BN08jTvb.js                   17.12 kB │ gzip:   2.90 kB
dist/client/assets/kanagawa-dragon-CXtmUGW6.js                  17.12 kB │ gzip:   2.92 kB
dist/client/assets/ishikawaDiagram-5VMMS53U-DKQcRktH.js         17.31 kB │ gzip:   6.53 kB
dist/client/assets/move-B1IS1UjX.js                             17.49 kB │ gzip:   3.06 kB
dist/client/assets/graphql-BIyAKkG2.js                          18.08 kB │ gzip:   2.54 kB
dist/client/assets/liquid-bMiatp3a.js                           18.10 kB │ gzip:   3.14 kB
dist/client/assets/svelte-B4PVQJ-7.js                           18.24 kB │ gzip:   3.14 kB
dist/client/assets/material-theme-Bm3Qr25_.js                   18.61 kB │ gzip:   3.10 kB
dist/client/assets/material-theme-darker-2IIEA8gg.js            18.62 kB │ gzip:   3.10 kB
dist/client/assets/material-theme-ocean-CHQ94UKr.js             18.62 kB │ gzip:   3.12 kB
dist/client/assets/material-theme-lighter-uhdI0v04.js           18.63 kB │ gzip:   3.10 kB
dist/client/assets/material-theme-palenight-B5W6OYN7.js         18.63 kB │ gzip:   3.11 kB
dist/client/assets/gdscript-Cp2uCuqX.js                         18.98 kB │ gzip:   3.75 kB
dist/client/assets/groovy-CacY0gHj.js                           19.17 kB │ gzip:   3.59 kB
dist/client/assets/mdc-DeN4Wli_.js                              19.54 kB │ gzip:   6.66 kB
dist/client/assets/ayu-dark-DluEY0Gj.js                         20.07 kB │ gzip:   3.93 kB
dist/client/assets/ayu-mirage-Bqwy1Gya.js                       20.08 kB │ gzip:   3.91 kB
dist/client/assets/glimmer-js-CL5fchz4.js                       20.08 kB │ gzip:   2.94 kB
dist/client/assets/glimmer-ts-D8vQYVEv.js                       20.08 kB │ gzip:   2.93 kB
dist/client/assets/powershell-DshXNtvi.js                       20.14 kB │ gzip:   4.05 kB
dist/client/assets/ayu-light-C3h-C4tm.js                        20.14 kB │ gzip:   3.89 kB
dist/client/assets/kanban-definition-UXKFOSKX-D2-Kc4kn.js       20.26 kB │ gzip:   7.15 kB
dist/client/assets/viml-DvXPmvsu.js                             20.35 kB │ gzip:   6.73 kB
dist/client/assets/nushell-DcLAeLz5.js                          20.40 kB │ gzip:   5.21 kB
dist/client/assets/snazzy-light-4G7pJPwS.js                     20.77 kB │ gzip:   3.80 kB
dist/client/assets/twig-CG94ZwIJ.js                             20.90 kB │ gzip:   3.66 kB
dist/client/assets/dracula-BHWKrbxM.js                          21.06 kB │ gzip:   3.99 kB
dist/client/assets/dracula-soft-5eyTD99u.js                     21.07 kB │ gzip:   4.02 kB
dist/client/assets/wit-DdvCle-K.js                              21.46 kB │ gzip:   2.87 kB
dist/client/assets/rose-pine-BthvhNj6.js                        21.74 kB │ gzip:   3.86 kB
dist/client/assets/rose-pine-moon-hon4tzzS.js                   21.75 kB │ gzip:   3.87 kB
dist/client/assets/rose-pine-dawn-Dg85fqjY.js                   21.75 kB │ gzip:   3.88 kB
dist/client/assets/nim-BDqgSjeY.js                              22.45 kB │ gzip:   3.15 kB
dist/client/assets/common-lisp-Cv5bFMCO.js                      22.57 kB │ gzip:   6.07 kB
dist/client/assets/surrealql-dFrJr534.js                        22.58 kB │ gzip:   4.31 kB
dist/client/assets/gruvbox-dark-hard-C820rvS2.js                22.63 kB │ gzip:   4.15 kB
dist/client/assets/gruvbox-dark-soft-MrdJrrXF.js                22.63 kB │ gzip:   4.15 kB
dist/client/assets/gruvbox-light-hard-BC_s9l72.js               22.63 kB │ gzip:   4.16 kB
dist/client/assets/gruvbox-light-soft-BSMLrYjP.js               22.63 kB │ gzip:   4.16 kB
dist/client/assets/gruvbox-dark-medium-BPjhmG05.js              22.63 kB │ gzip:   4.15 kB
dist/client/assets/gruvbox-light-medium-BAWPOn9u.js             22.63 kB │ gzip:   4.16 kB
dist/client/assets/mindmap-definition-YA3MSWOX-BJzJSWfq.js      22.72 kB │ gzip:   7.63 kB
dist/client/assets/sankeyDiagram-P5KCCOFB-CmHfBhaP.js           22.79 kB │ gzip:   8.25 kB
dist/client/assets/journeyDiagram-3NMN7TZE-jRh44HDG.js          23.15 kB │ gzip:   8.16 kB
dist/client/assets/sql-69VAgb2g.js                              23.47 kB │ gzip:   7.49 kB
dist/client/assets/cadence-CQ2zXKGN.js                          23.66 kB │ gzip:   3.65 kB
dist/client/assets/graphlib-DS17s2tU.js                         23.90 kB │ gzip:   8.31 kB
dist/client/assets/typespec-B88KGewJ.js                         24.01 kB │ gzip:   2.58 kB
dist/client/assets/astro-DCKrGHxW.js                            24.02 kB │ gzip:   7.59 kB
dist/client/assets/apl-sOqNBhKb.js                              24.02 kB │ gzip:   4.17 kB
dist/client/assets/templ-BQDsbizH.js                            24.06 kB │ gzip:   5.41 kB
dist/client/assets/angular-html-Cm4-xod0.js                     24.24 kB │ gzip:   3.99 kB
dist/client/assets/vhdl-BroJfC0k.js                             24.25 kB │ gzip:   3.86 kB
dist/client/assets/vue-CEqXEh2N.js                              24.48 kB │ gzip:   2.96 kB
dist/client/assets/purescript-9MfHhQsQ.js                       24.67 kB │ gzip:   3.24 kB
dist/client/assets/wardleyDiagram-VM6X3IG4-D2dXojIS.js          25.20 kB │ gzip:   6.55 kB
dist/client/assets/one-light-D7Lr4KcI.js                        25.29 kB │ gzip:   3.63 kB
dist/client/assets/fsharp-D13ZGOAj.js                           25.30 kB │ gzip:   4.12 kB
dist/client/assets/marko-C3klgjEa.js                            25.48 kB │ gzip:   3.59 kB
dist/client/assets/c3-CnJL0r0V.js                               25.62 kB │ gzip:   3.85 kB
dist/client/assets/night-owl-light-eJ-hLW7d.js                  25.89 kB │ gzip:   4.23 kB
dist/client/assets/system-verilog-DJ5XKQeo.js                   26.19 kB │ gzip:   4.82 kB
dist/client/assets/nord-Cb4Vim4T.js                             26.72 kB │ gzip:   4.35 kB
dist/client/assets/codeql-oeQT6MSM.js                           26.87 kB │ gzip:   3.79 kB
dist/client/assets/rough.esm-Dy-Kn_BL.js                        27.10 kB │ gzip:   8.85 kB
dist/client/assets/scss-0nEf0IT-.js                             27.26 kB │ gzip:   4.23 kB
dist/client/assets/java-D7h0NA_A.js                             27.28 kB │ gzip:   4.31 kB
dist/client/assets/coffee-BP03ytLP.js                           27.42 kB │ gzip:   6.35 kB
dist/client/assets/razor-C8auZuEu.js                            27.45 kB │ gzip:   3.54 kB
dist/client/assets/scala-DKOlJaKm.js                            28.87 kB │ gzip:   3.92 kB
dist/client/assets/night-owl-DhmEMT88.js                        28.91 kB │ gzip:   5.14 kB
dist/client/assets/gitGraphDiagram-WWUBYQGX-yT3KoxU0.js         29.00 kB │ gzip:   8.55 kB
dist/client/assets/crystal-BfsqXVWK.js                          29.41 kB │ gzip:   4.44 kB
dist/client/assets/mermaid-Bk4SNUv9.js                          29.50 kB │ gzip:   3.64 kB
dist/client/assets/applescript-CCn79oCD.js                      29.56 kB │ gzip:   5.94 kB
dist/client/assets/timeline-definition-24CTP7MA-BLDa6HH7.js     30.36 kB │ gzip:   9.97 kB
dist/client/assets/erDiagram-RLTQ6QDP-D8_kgjKD.js               30.69 kB │ gzip:  10.57 kB
dist/client/assets/chunk-75Z2AOVW-CRxU-5FC.js                   30.75 kB │ gzip:   8.50 kB
dist/client/assets/julia-Cjp8PLl-.js                            30.99 kB │ gzip:   4.30 kB
dist/client/assets/requirementDiagram-BXWQKSXE-Dk5jqCET.js      31.00 kB │ gzip:   9.78 kB
dist/client/assets/stylus-B6D30XZt.js                           31.06 kB │ gzip:   8.01 kB
dist/client/assets/poimandres-DRFjx7u4.js                       33.49 kB │ gzip:   5.49 kB
dist/client/assets/quadrantDiagram-AXDQQJYC-BU2AmMEs.js         33.51 kB │ gzip:   9.74 kB
dist/client/assets/one-dark-pro-CLwyXe_n.js                     33.78 kB │ gzip:   5.50 kB
dist/client/assets/bsl-BkkzgIyY.js                              33.86 kB │ gzip:   8.34 kB
dist/client/assets/RichEditor-CHOO_02s.js                       33.99 kB │ gzip:  11.58 kB
dist/client/assets/haxe-OTjmBuCE.js                             35.15 kB │ gzip:   5.90 kB
dist/client/assets/nginx-BrbrEdla.js                            35.35 kB │ gzip:   4.45 kB
dist/client/assets/houston-CsvMBhTu.js                          35.41 kB │ gzip:   5.76 kB
dist/client/assets/tokyo-night-oM2G3aXe.js                      35.66 kB │ gzip:   6.22 kB
dist/client/assets/chunk-OSK3NFVY-CHzWnosQ.js                   36.46 kB │ gzip:   7.96 kB
dist/client/assets/dagre-C-rnJpZF.js                            36.85 kB │ gzip:  13.23 kB
dist/client/assets/erlang-Cphh6RMH.js                           37.47 kB │ gzip:   4.36 kB
dist/client/assets/chunk-IMKFNOWR-DuOlbr_z.js                   37.64 kB │ gzip:  12.27 kB
dist/client/assets/cobol-DX4J-9wY.js                            39.09 kB │ gzip:  10.89 kB
dist/client/assets/asm-Cmm7eHzH.js                              40.71 kB │ gzip:   8.16 kB
dist/client/assets/vennDiagram-4TSXK5OY-R92ZrAd-.js             41.15 kB │ gzip:  15.11 kB
dist/client/assets/blockDiagram-I7D4REHJ-gCf9SFCV.js            41.44 kB │ gzip:  13.36 kB
dist/client/assets/haskell-D8IpX4py.js                          41.48 kB │ gzip:   6.41 kB
dist/client/assets/shellscript-B51zB43X.js                      41.54 kB │ gzip:   6.13 kB
dist/client/assets/perl-Bbat8LJP.js                             43.14 kB │ gzip:   4.64 kB
dist/client/assets/d-qD-0Kul2.js                                43.78 kB │ gzip:   8.43 kB
dist/client/assets/xychartDiagram-S5SC5T6Z-C8TvjtSN.js          44.14 kB │ gzip:  12.22 kB
dist/client/assets/src-oBChb5qS.js                              45.68 kB │ gzip:  16.00 kB
dist/client/assets/ruby-D4hi37gB.js                             45.83 kB │ gzip:   5.56 kB
dist/client/assets/go-BJwz_mda.js                               46.80 kB │ gzip:   5.15 kB
dist/client/assets/apex-CGTLDQj6.js                             46.97 kB │ gzip:   6.72 kB
dist/client/assets/catppuccin-mocha-DYhrFGRu.js                 47.25 kB │ gzip:   7.98 kB
dist/client/assets/catppuccin-latte-DwIHMF0Q.js                 47.25 kB │ gzip:   7.98 kB
dist/client/assets/catppuccin-frappe-3VR1Za6u.js                47.25 kB │ gzip:   7.99 kB
dist/client/assets/catppuccin-macchiato-DYnBP6_5.js             47.26 kB │ gzip:   7.99 kB
dist/client/assets/ada-C5qYipkI.js                              48.07 kB │ gzip:   5.96 kB
dist/client/assets/chunk-TICWLB2K-Cx_Ucin8.js                   48.78 kB │ gzip:  15.74 kB
dist/client/assets/css-vJJohHMc.js                              49.08 kB │ gzip:  11.95 kB
dist/client/assets/imba-DsUTQ-LC.js                             49.92 kB │ gzip:   9.47 kB
dist/client/assets/chunk-GMAD6QVW-B2p8Bdl6.js                   51.84 kB │ gzip:  16.68 kB
dist/client/assets/everforest-dark-sB-x3p7T.js                  53.74 kB │ gzip:   8.37 kB
dist/client/assets/everforest-light-Df2xbC6M.js                 53.74 kB │ gzip:   8.36 kB
dist/client/assets/wikitext-ClFFjSW2.js                         55.87 kB │ gzip:   4.81 kB
dist/client/assets/stata-LOZmcJVN.js                            56.99 kB │ gzip:  12.39 kB
dist/client/assets/html-BLkwJ0Yd.js                             57.32 kB │ gzip:  11.78 kB
dist/client/assets/ballerina-B7ZEbQpA.js                        58.68 kB │ gzip:   8.10 kB
dist/client/assets/markdown-BYOwaDjH.js                         59.32 kB │ gzip:   5.66 kB
dist/client/assets/chunk-SHT3W25Y-CwInpyF7.js                   61.20 kB │ gzip:  19.82 kB
dist/client/assets/dist-Kh6SyiX8.js                             61.59 kB │ gzip:  17.35 kB
dist/client/assets/ocaml-O90oeIOV.js                            62.44 kB │ gzip:   5.04 kB
dist/client/assets/c4Diagram-7LVT6UL2-DpwmG6OX.js               64.74 kB │ gzip:  18.53 kB
dist/client/assets/ganttDiagram-EL5Y4UJY-C6VedyeJ.js            69.35 kB │ gzip:  22.74 kB
dist/client/assets/mojo-BgCJLMeH.js                             69.79 kB │ gzip:   9.21 kB
dist/client/assets/python-gzcpVVnB.js                           69.94 kB │ gzip:   9.09 kB
dist/client/assets/c-BNQJhXlP.js                                72.17 kB │ gzip:  10.55 kB
dist/client/assets/latex-CHfMKPpb.js                            72.61 kB │ gzip:   6.68 kB
dist/client/assets/vyper-CgoNMtux.js                            74.64 kB │ gzip:  10.69 kB
dist/client/assets/hack-DYZBqq1e.js                             80.18 kB │ gzip:  26.27 kB
dist/client/assets/cose-bilkent-JH36ORCC-COXSdE6a.js            81.25 kB │ gzip:  21.54 kB
dist/client/assets/swift-DonLKvLd.js                            86.68 kB │ gzip:  14.69 kB
dist/client/assets/fortran-free-form-CYNrtFtB.js                88.96 kB │ gzip:  11.18 kB
dist/client/assets/csharp-Ct8U2NOr.js                           89.68 kB │ gzip:  10.64 kB
dist/client/assets/racket-DcIDlBhZ.js                           92.38 kB │ gzip:  15.07 kB
dist/client/assets/mermaid.core-Buob8uf9.js                     94.68 kB │ gzip:  32.62 kB
dist/client/assets/less-DVTAwKKz.js                             97.62 kB │ gzip:  14.84 kB
dist/client/assets/chunk-4HAMMTFA-BAI9ZPQc.js                  104.85 kB │ gzip:  25.63 kB
dist/client/assets/blade-Eu0AhoJj.js                           104.97 kB │ gzip:  28.30 kB
dist/client/assets/objective-c-D1A_Heim.js                     105.40 kB │ gzip:  23.63 kB
dist/client/assets/php-C7Ta4TMI.js                             111.05 kB │ gzip:  28.65 kB
dist/client/assets/swimlanes-42K2YHIH-glNQZhzd.js              111.11 kB │ gzip:  38.01 kB
dist/client/assets/sequenceDiagram-WJ2MYXX4-C4jM5qgO.js        115.74 kB │ gzip:  30.58 kB
dist/client/assets/asciidoc-DE70LPWp.js                        131.52 kB │ gzip:   9.31 kB
dist/client/assets/mdx-DQZ5AkYe.js                             136.10 kB │ gzip:  23.54 kB
dist/client/assets/architectureDiagram-5GKGNRK7-Dl-QI6Qu.js    148.90 kB │ gzip:  41.12 kB
dist/client/assets/objective-cpp-BsSzOQcm.js                   171.96 kB │ gzip:  30.98 kB
dist/client/assets/javascript-DcMHgNcu.js                      174.89 kB │ gzip:  16.68 kB
dist/client/assets/tsx-DvWhG4dC.js                             175.60 kB │ gzip:  16.68 kB
dist/client/assets/jsx-BUUYi3qs.js                             177.85 kB │ gzip:  16.77 kB
dist/client/assets/typescript-BTGs5etX.js                      181.14 kB │ gzip:  16.29 kB
dist/client/assets/angular-ts-Dopuir71.js                      183.73 kB │ gzip:  16.77 kB
dist/client/assets/code-block-IT6T5CEO-B3-8ny9m.js             189.52 kB │ gzip:  61.25 kB
dist/client/assets/vue-vine-DdvC-EE2.js                        190.05 kB │ gzip:  18.07 kB
dist/client/assets/chunk-DU6HZSFF-DXKW9BcG.js                  237.04 kB │ gzip:  38.78 kB
dist/client/assets/wolfram-DLL8P-h_.js                         262.38 kB │ gzip:  77.63 kB
dist/client/assets/cytoscape.esm-Yq6u8L66.js                   434.85 kB │ gzip: 137.78 kB
dist/client/assets/wasm-BnjxR4X6.js                            622.32 kB │ gzip: 232.09 kB
dist/client/assets/cpp-CasgGaGT.js                             626.13 kB │ gzip:  48.09 kB
dist/client/assets/chunk-FOHPRMQF-DzxwRta7.js                  662.10 kB │ gzip: 143.16 kB
dist/client/assets/emacs-lisp-C9PiwqqW.js                      779.84 kB │ gzip: 197.53 kB
dist/client/assets/dist-DenA8Axr.js                          1,090.17 kB │ gzip: 245.48 kB
dist/client/assets/index-oTZHUdeJ.js                         2,739.07 kB │ gzip: 792.09 kB

[plugin builtin:vite-reporter]
(!) Some chunks are larger than 500 kB after minification. Consider:
- Using dynamic import() to code-split the application
- Use build.rolldownOptions.output.codeSplitting to improve chunking: https://rolldown.rs/reference/OutputOptions.codeSplitting
- Adjust chunk size limit for this warning via build.chunkSizeWarningLimit.
✓ built in 1.92s
